// Jest Snapshot v1, https://goo.gl/fbAQLP

exports[`imports parseImports 1`] = `"import "./test""`;
