// Jest Snapshot v1, https://goo.gl/fbAQLP

exports[`console console.debug 1`] = `"__f__('info','at foo.vue:1',a,b,c);"`;

exports[`console console.error 1`] = `"__f__('info','at foo.vue:1',a,b,c);"`;

exports[`console console.info 1`] = `"__f__('info','at foo.vue:1',a,b,c);"`;

exports[`console console.log 1`] = `"const a = 1;__f__('log','at foo.vue:1',a, JSON.stringify(1));"`;

exports[`console console.log multiline 1`] = `
"const a = 1;

__f__('log','at foo.vue:3',a);
const b = 2
__f__('log','at foo.vue:5',a,b);
__f__('log','at foo.vue:6',a,b,c);
"
`;

exports[`console console.warn 1`] = `"__f__('info','at foo.vue:1',a,b,c);"`;
