// Jest Snapshot v1, https://goo.gl/fbAQLP

exports[`webviewStyle basic 1`] = `
{
  "bounce": "vertical",
  "titleNView": {
    "autoBackButton": true,
  },
}
`;
