// Jest Snapshot v1, https://goo.gl/fbAQLP

exports[`preprocess isInPreprocessor 1`] = `
[
  [
    0,
    "
",
    false,
  ],
  [
    1,
    ".",
    false,
  ],
  [
    2,
    "t",
    false,
  ],
  [
    3,
    "e",
    false,
  ],
  [
    4,
    "s",
    false,
  ],
  [
    5,
    "t",
    false,
  ],
  [
    6,
    " ",
    false,
  ],
  [
    7,
    "{",
    false,
  ],
  [
    8,
    "
",
    false,
  ],
  [
    9,
    " ",
    false,
  ],
  [
    10,
    " ",
    false,
  ],
  [
    11,
    " ",
    false,
  ],
  [
    12,
    " ",
    false,
  ],
  [
    13,
    "c",
    false,
  ],
  [
    14,
    "o",
    false,
  ],
  [
    15,
    "l",
    false,
  ],
  [
    16,
    "o",
    false,
  ],
  [
    17,
    "r",
    false,
  ],
  [
    18,
    ":",
    false,
  ],
  [
    19,
    "r",
    false,
  ],
  [
    20,
    "e",
    false,
  ],
  [
    21,
    "d",
    false,
  ],
  [
    22,
    "
",
    false,
  ],
  [
    23,
    "}",
    false,
  ],
  [
    24,
    "
",
    false,
  ],
  [
    25,
    "/",
    true,
  ],
  [
    26,
    "/",
    true,
  ],
  [
    27,
    " ",
    true,
  ],
  [
    28,
    "#",
    true,
  ],
  [
    29,
    "i",
    true,
  ],
  [
    30,
    "f",
    true,
  ],
  [
    31,
    "d",
    true,
  ],
  [
    32,
    "e",
    true,
  ],
  [
    33,
    "f",
    true,
  ],
  [
    34,
    " ",
    true,
  ],
  [
    35,
    "B",
    true,
  ],
  [
    36,
    "
",
    true,
  ],
  [
    37,
    ".",
    true,
  ],
  [
    38,
    "t",
    true,
  ],
  [
    39,
    "e",
    true,
  ],
  [
    40,
    "s",
    true,
  ],
  [
    41,
    "t",
    true,
  ],
  [
    42,
    " ",
    true,
  ],
  [
    43,
    "{",
    true,
  ],
  [
    44,
    "
",
    true,
  ],
  [
    45,
    " ",
    true,
  ],
  [
    46,
    " ",
    true,
  ],
  [
    47,
    " ",
    true,
  ],
  [
    48,
    " ",
    true,
  ],
  [
    49,
    "c",
    true,
  ],
  [
    50,
    "o",
    true,
  ],
  [
    51,
    "l",
    true,
  ],
  [
    52,
    "o",
    true,
  ],
  [
    53,
    "r",
    true,
  ],
  [
    54,
    ":",
    true,
  ],
  [
    55,
    "b",
    true,
  ],
  [
    56,
    "l",
    true,
  ],
  [
    57,
    "u",
    true,
  ],
  [
    58,
    "e",
    true,
  ],
  [
    59,
    "
",
    true,
  ],
  [
    60,
    "}",
    true,
  ],
  [
    61,
    "
",
    true,
  ],
  [
    62,
    "/",
    true,
  ],
  [
    63,
    "/",
    true,
  ],
  [
    64,
    " ",
    true,
  ],
  [
    65,
    "#",
    true,
  ],
  [
    66,
    "i",
    true,
  ],
  [
    67,
    "f",
    true,
  ],
  [
    68,
    "d",
    true,
  ],
  [
    69,
    "e",
    true,
  ],
  [
    70,
    "f",
    true,
  ],
  [
    71,
    " ",
    true,
  ],
  [
    72,
    "B",
    true,
  ],
  [
    73,
    "1",
    true,
  ],
  [
    74,
    "
",
    true,
  ],
  [
    75,
    ".",
    true,
  ],
  [
    76,
    "t",
    true,
  ],
  [
    77,
    "e",
    true,
  ],
  [
    78,
    "s",
    true,
  ],
  [
    79,
    "t",
    true,
  ],
  [
    80,
    " ",
    true,
  ],
  [
    81,
    "{",
    true,
  ],
  [
    82,
    "
",
    true,
  ],
  [
    83,
    " ",
    true,
  ],
  [
    84,
    " ",
    true,
  ],
  [
    85,
    " ",
    true,
  ],
  [
    86,
    " ",
    true,
  ],
  [
    87,
    "c",
    true,
  ],
  [
    88,
    "o",
    true,
  ],
  [
    89,
    "l",
    true,
  ],
  [
    90,
    "o",
    true,
  ],
  [
    91,
    "r",
    true,
  ],
  [
    92,
    ":",
    true,
  ],
  [
    93,
    "y",
    true,
  ],
  [
    94,
    "e",
    true,
  ],
  [
    95,
    "l",
    true,
  ],
  [
    96,
    "l",
    true,
  ],
  [
    97,
    "o",
    true,
  ],
  [
    98,
    "w",
    true,
  ],
  [
    99,
    "
",
    true,
  ],
  [
    100,
    "}",
    true,
  ],
  [
    101,
    "
",
    true,
  ],
  [
    102,
    "/",
    true,
  ],
  [
    103,
    "/",
    true,
  ],
  [
    104,
    " ",
    true,
  ],
  [
    105,
    "#",
    true,
  ],
  [
    106,
    "e",
    true,
  ],
  [
    107,
    "n",
    true,
  ],
  [
    108,
    "d",
    true,
  ],
  [
    109,
    "i",
    true,
  ],
  [
    110,
    "f",
    true,
  ],
  [
    111,
    "
",
    true,
  ],
  [
    112,
    ".",
    true,
  ],
  [
    113,
    "t",
    true,
  ],
  [
    114,
    "e",
    true,
  ],
  [
    115,
    "s",
    true,
  ],
  [
    116,
    "t",
    true,
  ],
  [
    117,
    " ",
    true,
  ],
  [
    118,
    "{",
    true,
  ],
  [
    119,
    "
",
    true,
  ],
  [
    120,
    " ",
    true,
  ],
  [
    121,
    " ",
    true,
  ],
  [
    122,
    " ",
    true,
  ],
  [
    123,
    " ",
    true,
  ],
  [
    124,
    "c",
    true,
  ],
  [
    125,
    "o",
    true,
  ],
  [
    126,
    "l",
    true,
  ],
  [
    127,
    "o",
    true,
  ],
  [
    128,
    "r",
    true,
  ],
  [
    129,
    ":",
    true,
  ],
  [
    130,
    "b",
    true,
  ],
  [
    131,
    "l",
    true,
  ],
  [
    132,
    "a",
    true,
  ],
  [
    133,
    "c",
    true,
  ],
  [
    134,
    "k",
    true,
  ],
  [
    135,
    "
",
    true,
  ],
  [
    136,
    "}",
    true,
  ],
  [
    137,
    "
",
    true,
  ],
  [
    138,
    "/",
    true,
  ],
  [
    139,
    "/",
    true,
  ],
  [
    140,
    " ",
    true,
  ],
  [
    141,
    "#",
    true,
  ],
  [
    142,
    "e",
    true,
  ],
  [
    143,
    "n",
    true,
  ],
  [
    144,
    "d",
    true,
  ],
  [
    145,
    "i",
    true,
  ],
  [
    146,
    "f",
    true,
  ],
  [
    147,
    "
",
    true,
  ],
  [
    148,
    ".",
    false,
  ],
  [
    149,
    "t",
    false,
  ],
  [
    150,
    "e",
    false,
  ],
  [
    151,
    "s",
    false,
  ],
  [
    152,
    "t",
    false,
  ],
  [
    153,
    " ",
    false,
  ],
  [
    154,
    "{",
    false,
  ],
  [
    155,
    "
",
    false,
  ],
  [
    156,
    " ",
    false,
  ],
  [
    157,
    " ",
    false,
  ],
  [
    158,
    " ",
    false,
  ],
  [
    159,
    " ",
    false,
  ],
  [
    160,
    "c",
    false,
  ],
  [
    161,
    "o",
    false,
  ],
  [
    162,
    "l",
    false,
  ],
  [
    163,
    "o",
    false,
  ],
  [
    164,
    "r",
    false,
  ],
  [
    165,
    ":",
    false,
  ],
  [
    166,
    "g",
    false,
  ],
  [
    167,
    "r",
    false,
  ],
  [
    168,
    "e",
    false,
  ],
  [
    169,
    "e",
    false,
  ],
  [
    170,
    "n",
    false,
  ],
  [
    171,
    "
",
    false,
  ],
  [
    172,
    "}",
    false,
  ],
  [
    173,
    "
",
    false,
  ],
  [
    174,
    " ",
    false,
  ],
  [
    175,
    " ",
    false,
  ],
  [
    176,
    " ",
    false,
  ],
  [
    177,
    " ",
    false,
  ],
]
`;
