// Jest Snapshot v1, https://goo.gl/fbAQLP

exports[`compiler: transform v-model compound expression (with prefixIdentifiers) 1`] = `
"createElementVNode("input", utsMapOf({
  modelValue: _ctx.model[_ctx.index],
  onInput: ($event: InputEvent) => {(_ctx.model[_ctx.index]) = $event.detail.value}
}), null, 40 /* PROPS, NEED_HYDRATION */, ["modelValue", "onInput"])"
`;

exports[`compiler: transform v-model compound expression 1`] = `
"createElementVNode("input", utsMapOf({
  modelValue: model[index],
  onInput: ($event: InputEvent) => {(model[index]) = $event.detail.value}
}), null, 40 /* PROPS, NEED_HYDRATION */, ["modelValue", "onInput"])"
`;

exports[`compiler: transform v-model simple expression (with multilines) 1`] = `
"createElementVNode("input", utsMapOf({
  modelValue: 
 model
.
foo 
,
  onInput: ($event: InputEvent) => {(
 model
.
foo 
) = $event.detail.value}
}), null, 40 /* PROPS, NEED_HYDRATION */, ["modelValue", "onInput"])"
`;

exports[`compiler: transform v-model simple expression (with prefixIdentifiers) 1`] = `
"createElementVNode("input", utsMapOf({
  modelValue: _ctx.model,
  onInput: ($event: InputEvent) => {(_ctx.model) = $event.detail.value}
}), null, 40 /* PROPS, NEED_HYDRATION */, ["modelValue", "onInput"])"
`;

exports[`compiler: transform v-model simple expression 1`] = `
"createElementVNode("input", utsMapOf({
  modelValue: model,
  onInput: ($event: InputEvent) => {(model) = $event.detail.value}
}), null, 40 /* PROPS, NEED_HYDRATION */, ["modelValue", "onInput"])"
`;

exports[`compiler: transform v-model with argument 1`] = `
"createElementVNode("input", utsMapOf({
  "foo-value": model,
  "onUpdate:fooValue": ($event: InputEvent) => {(model) = $event.detail.value}
}), null, 40 /* PROPS, NEED_HYDRATION */, ["foo-value", "onUpdate:fooValue"])"
`;

exports[`compiler: transform v-model with dynamic argument (with prefixIdentifiers) 1`] = `
"createElementVNode("input", normalizeProps(utsMapOf({
  [_ctx.value]: _ctx.model,
  ["onUpdate:" + _ctx.value]: ($event: InputEvent) => {(_ctx.model) = $event.detail.value}
})), null, 16 /* FULL_PROPS */)"
`;

exports[`compiler: transform v-model with dynamic argument 1`] = `
"createVNode(_component_Foo, normalizeProps(utsMapOf({
  [value]: model,
  ["onUpdate:" + value]: $event => {(model) = $event}
})), null, 16 /* FULL_PROPS */)"
`;
